// Jest Snapshot v1, https://goo.gl/fbAQLP

exports[`Spreadsheet Renders a spreadsheet 1`] = `
<table
  data-spreasheet-id="test-id"
>
  <tbody>
    <tr>
      <th
        className=""
      >
        <div>
          <span
            onClick={[Function]}
            onKeyDown={[Function]}
            role="button"
            tabIndex={0}
          >
            0
          </span>
        </div>
      </th>
      <th
        className=""
      >
        <div>
          <span
            onClick={[Function]}
            onKeyDown={[Function]}
            role="button"
            tabIndex={0}
          >
            A
          </span>
        </div>
      </th>
      <th
        className=""
      >
        <div>
          <span
            onClick={[Function]}
            onKeyDown={[Function]}
            role="button"
            tabIndex={0}
          >
            B
          </span>
        </div>
      </th>
      <th
        className=""
      >
        <div>
          <span
            onClick={[Function]}
            onKeyDown={[Function]}
            role="button"
            tabIndex={0}
          >
            C
          </span>
        </div>
      </th>
      <th
        className=""
      >
        <div>
          <span
            onClick={[Function]}
            onKeyDown={[Function]}
            role="button"
            tabIndex={0}
          >
            D
          </span>
        </div>
      </th>
      <th
        className=""
      >
        <div>
          <span
            onClick={[Function]}
            onKeyDown={[Function]}
            role="button"
            tabIndex={0}
          >
            E
          </span>
        </div>
      </th>
      <th
        className=""
      >
        <div>
          <span
            onClick={[Function]}
            onKeyDown={[Function]}
            role="button"
            tabIndex={0}
          >
            F
          </span>
        </div>
      </th>
      <th
        className=""
      >
        <div>
          <span
            onClick={[Function]}
            onKeyDown={[Function]}
            role="button"
            tabIndex={0}
          >
            G
          </span>
        </div>
      </th>
    </tr>
    <tr>
      <th
        className=""
      >
        <div>
          <span
            onClick={[Function]}
            onKeyDown={[Function]}
            role="button"
            tabIndex={0}
          >
            1
          </span>
        </div>
      </th>
      <td
        className=""
      >
        <div
          className="reactTableCell"
        >
          <span
            onClick={[Function]}
            onDoubleClick={[Function]}
            onKeyDown={[Function]}
            role="textbox"
            tabIndex={0}
          >
            1
          </span>
        </div>
      </td>
      <td
        className=""
      >
        <div
          className="reactTableCell"
        >
          <span
            onClick={[Function]}
            onDoubleClick={[Function]}
            onKeyDown={[Function]}
            role="textbox"
            tabIndex={0}
          >
            2
          </span>
        </div>
      </td>
      <td
        className=""
      >
        <div
          className="reactTableCell"
        >
          <span
            onClick={[Function]}
            onDoubleClick={[Function]}
            onKeyDown={[Function]}
            role="textbox"
            tabIndex={0}
          >
            3
          </span>
        </div>
      </td>
      <td
        className=""
      >
        <div
          className="reactTableCell"
        >
          <span
            onClick={[Function]}
            onDoubleClick={[Function]}
            onKeyDown={[Function]}
            role="textbox"
            tabIndex={0}
          >
            4
          </span>
        </div>
      </td>
      <td
        className=""
      >
        <div
          className="reactTableCell"
        >
          <span
            onClick={[Function]}
            onDoubleClick={[Function]}
            onKeyDown={[Function]}
            role="textbox"
            tabIndex={0}
          >
            5
          </span>
        </div>
      </td>
      <td
        className=""
      >
        <div
          className="reactTableCell"
        >
          <span
            onClick={[Function]}
            onDoubleClick={[Function]}
            onKeyDown={[Function]}
            role="textbox"
            tabIndex={0}
          >
            6
          </span>
        </div>
      </td>
      <td
        className=""
      >
        <div
          className="reactTableCell"
        >
          <span
            onClick={[Function]}
            onDoubleClick={[Function]}
            onKeyDown={[Function]}
            role="textbox"
            tabIndex={0}
          >
            7
          </span>
        </div>
      </td>
    </tr>
    <tr>
      <th
        className=""
      >
        <div>
          <span
            onClick={[Function]}
            onKeyDown={[Function]}
            role="button"
            tabIndex={0}
          >
            2
          </span>
        </div>
      </th>
      <td
        className=""
      >
        <div
          className="reactTableCell"
        >
          <span
            onClick={[Function]}
            onDoubleClick={[Function]}
            onKeyDown={[Function]}
            role="textbox"
            tabIndex={0}
          >
            1
          </span>
        </div>
      </td>
      <td
        className=""
      >
        <div
          className="reactTableCell"
        >
          <span
            onClick={[Function]}
            onDoubleClick={[Function]}
            onKeyDown={[Function]}
            role="textbox"
            tabIndex={0}
          >
            -
          </span>
        </div>
      </td>
      <td
        className=""
      >
        <div
          className="reactTableCell"
        >
          <span
            onClick={[Function]}
            onDoubleClick={[Function]}
            onKeyDown={[Function]}
            role="textbox"
            tabIndex={0}
          >
            3
          </span>
        </div>
      </td>
      <td
        className=""
      >
        <div
          className="reactTableCell"
        >
          <span
            onClick={[Function]}
            onDoubleClick={[Function]}
            onKeyDown={[Function]}
            role="textbox"
            tabIndex={0}
          >
            4
          </span>
        </div>
      </td>
      <td
        className=""
      >
        <div
          className="reactTableCell"
        >
          <span
            onClick={[Function]}
            onDoubleClick={[Function]}
            onKeyDown={[Function]}
            role="textbox"
            tabIndex={0}
          >
            5
          </span>
        </div>
      </td>
      <td
        className=""
      >
        <div
          className="reactTableCell"
        >
          <span
            onClick={[Function]}
            onDoubleClick={[Function]}
            onKeyDown={[Function]}
            role="textbox"
            tabIndex={0}
          >
            6
          </span>
        </div>
      </td>
      <td
        className=""
      >
        <div
          className="reactTableCell"
        >
          <span
            onClick={[Function]}
            onDoubleClick={[Function]}
            onKeyDown={[Function]}
            role="textbox"
            tabIndex={0}
          >
            7
          </span>
        </div>
      </td>
    </tr>
    <tr>
      <th
        className=""
      >
        <div>
          <span
            onClick={[Function]}
            onKeyDown={[Function]}
            role="button"
            tabIndex={0}
          >
            3
          </span>
        </div>
      </th>
      <td
        className=""
      >
        <div
          className="reactTableCell"
        >
          <span
            onClick={[Function]}
            onDoubleClick={[Function]}
            onKeyDown={[Function]}
            role="textbox"
            tabIndex={0}
          >
            1
          </span>
        </div>
      </td>
      <td
        className=""
      >
        <div
          className="reactTableCell"
        >
          <span
            onClick={[Function]}
            onDoubleClick={[Function]}
            onKeyDown={[Function]}
            role="textbox"
            tabIndex={0}
          >
            2
          </span>
        </div>
      </td>
      <td
        className=""
      >
        <div
          className="reactTableCell"
        >
          <span
            onClick={[Function]}
            onDoubleClick={[Function]}
            onKeyDown={[Function]}
            role="textbox"
            tabIndex={0}
          >
            3
          </span>
        </div>
      </td>
      <td
        className=""
      >
        <div
          className="reactTableCell"
        >
          <span
            onClick={[Function]}
            onDoubleClick={[Function]}
            onKeyDown={[Function]}
            role="textbox"
            tabIndex={0}
          >
            4
          </span>
        </div>
      </td>
      <td
        className=""
      >
        <div
          className="reactTableCell"
        >
          <span
            onClick={[Function]}
            onDoubleClick={[Function]}
            onKeyDown={[Function]}
            role="textbox"
            tabIndex={0}
          >
            5
          </span>
        </div>
      </td>
      <td
        className=""
      >
        <div
          className="reactTableCell"
        >
          <span
            onClick={[Function]}
            onDoubleClick={[Function]}
            onKeyDown={[Function]}
            role="textbox"
            tabIndex={0}
          >
            6
          </span>
        </div>
      </td>
      <td
        className=""
      >
        <div
          className="reactTableCell"
        >
          <span
            onClick={[Function]}
            onDoubleClick={[Function]}
            onKeyDown={[Function]}
            role="textbox"
            tabIndex={0}
          >
            7
          </span>
        </div>
      </td>
    </tr>
    <tr>
      <th
        className=""
      >
        <div>
          <span
            onClick={[Function]}
            onKeyDown={[Function]}
            role="button"
            tabIndex={0}
          >
            4
          </span>
        </div>
      </th>
      <td
        className=""
      >
        <div
          className="reactTableCell"
        >
          <span
            onClick={[Function]}
            onDoubleClick={[Function]}
            onKeyDown={[Function]}
            role="textbox"
            tabIndex={0}
          >
            1
          </span>
        </div>
      </td>
      <td
        className=""
      >
        <div
          className="reactTableCell"
        >
          <span
            onClick={[Function]}
            onDoubleClick={[Function]}
            onKeyDown={[Function]}
            role="textbox"
            tabIndex={0}
          >
            2
          </span>
        </div>
      </td>
      <td
        className=""
      >
        <div
          className="reactTableCell"
        >
          <span
            onClick={[Function]}
            onDoubleClick={[Function]}
            onKeyDown={[Function]}
            role="textbox"
            tabIndex={0}
          >
            3
          </span>
        </div>
      </td>
      <td
        className=""
      >
        <div
          className="reactTableCell"
        >
          <span
            onClick={[Function]}
            onDoubleClick={[Function]}
            onKeyDown={[Function]}
            role="textbox"
            tabIndex={0}
          >
            4
          </span>
        </div>
      </td>
      <td
        className=""
      >
        <div
          className="reactTableCell"
        >
          <span
            onClick={[Function]}
            onDoubleClick={[Function]}
            onKeyDown={[Function]}
            role="textbox"
            tabIndex={0}
          >
            5
          </span>
        </div>
      </td>
      <td
        className=""
      >
        <div
          className="reactTableCell"
        >
          <span
            onClick={[Function]}
            onDoubleClick={[Function]}
            onKeyDown={[Function]}
            role="textbox"
            tabIndex={0}
          >
            6
          </span>
        </div>
      </td>
      <td
        className=""
      >
        <div
          className="reactTableCell"
        >
          <span
            onClick={[Function]}
            onDoubleClick={[Function]}
            onKeyDown={[Function]}
            role="textbox"
            tabIndex={0}
          >
            7
          </span>
        </div>
      </td>
    </tr>
  </tbody>
</table>
`;
